FROM @base@
LABEL name ${name} @age@ ${ext} blub
ENV @name@ @age@
