---
apiVersion: v1
kind: List
items:
- apiVersion: project.openshift.io/v1
  kind: Project
  metadata:
    labels:
      app: namespace
      provider: jkube
      version: "@ignore@"
      group: org.eclipse.jkube.integration.tests.gradle
    name: namespace-to-create-name
  status:
    phase: Active
- apiVersion: apps.openshift.io/v1
  kind: DeploymentConfig
  metadata:
    annotations:
      app.openshift.io/vcs-ref: "@ignore@"
      jkube.eclipse.org/git-url: "@ignore@"
      app.openshift.io/vcs-uri: "@ignore@"
      jkube.eclipse.org/git-commit: "@ignore@"
      jkube.eclipse.org/git-branch: "@ignore@"
    labels:
      app: namespace
      provider: jkube
      version: "@ignore@"
      group: org.eclipse.jkube.integration.tests.gradle
    name: namespace
    namespace: namespace-to-operate
  spec:
    replicas: 1
    revisionHistoryLimit: 2
    selector:
      app: namespace
      provider: jkube
      group: org.eclipse.jkube.integration.tests.gradle
    strategy:
      rollingParams:
        timeoutSeconds: 3600
      type: Rolling
    template:
      metadata:
        annotations:
          app.openshift.io/vcs-ref: "@ignore@"
          jkube.eclipse.org/git-url: "@ignore@"
          app.openshift.io/vcs-uri: "@ignore@"
          jkube.eclipse.org/git-commit: "@ignore@"
          jkube.eclipse.org/git-branch: "@ignore@"
        labels:
          app: namespace
          provider: jkube
          version: "@ignore@"
          group: org.eclipse.jkube.integration.tests.gradle
        namespace: namespace-to-operate
      spec:
        containers:
        - env:
          - name: KUBERNETES_NAMESPACE
            valueFrom:
              fieldRef:
                fieldPath: metadata.namespace
          image: repository/namespace:latest
          imagePullPolicy: IfNotPresent
          name: repository-namespace
          securityContext:
            privileged: false
    triggers:
    - type: ConfigChange
    - imageChangeParams:
        automatic: true
        containerNames:
        - repository-namespace
        from:
          kind: ImageStreamTag
          name: namespace:latest
      type: ImageChange
