---
apiVersion: v1
kind: List
items:
  - apiVersion: v1
    kind: Service
    metadata:
      annotations:
        jkube.eclipse.org/git-url: "@ignore@"
        jkube.eclipse.org/git-commit: "@ignore@"
        jkube.eclipse.org/git-branch: "@ignore@"
      labels:
        provider: custom-provider
        project: project-label
        version: "@ignore@"
        group: org.eclipse.jkube.integration.tests.gradle
      name: project-label
    spec:
      ports:
        - name: http
          port: 8080
          protocol: TCP
          targetPort: 8080
      selector:
        provider: custom-provider
        project: project-label
        group: org.eclipse.jkube.integration.tests.gradle
  - apiVersion: apps/v1
    kind: Deployment
    metadata:
      annotations:
        jkube.eclipse.org/git-url: "@ignore@"
        jkube.eclipse.org/git-commit: "@ignore@"
        jkube.eclipse.org/git-branch: "@ignore@"
      labels:
        provider: custom-provider
        project: project-label
        version: "@ignore@"
        group: org.eclipse.jkube.integration.tests.gradle
      name: project-label
    spec:
      replicas: 1
      revisionHistoryLimit: 2
      selector:
        matchLabels:
          provider: custom-provider
          project: project-label
          group: org.eclipse.jkube.integration.tests.gradle
      template:
        metadata:
          annotations:
            jkube.eclipse.org/git-url: "@ignore@"
            jkube.eclipse.org/git-commit: "@ignore@"
            jkube.eclipse.org/git-branch: "@ignore@"
          labels:
            provider: custom-provider
            project: project-label
            version: "@ignore@"
            group: org.eclipse.jkube.integration.tests.gradle
        spec:
          containers:
            - env:
                - name: KUBERNETES_NAMESPACE
                  valueFrom:
                    fieldRef:
                      fieldPath: metadata.namespace
                - name: HOSTNAME
                  valueFrom:
                    fieldRef:
                      fieldPath: metadata.name
              image: repository/project-label:latest
              imagePullPolicy: IfNotPresent
              name: repository-project-label
              ports:
                - containerPort: 8080
                  name: http
                  protocol: TCP
              securityContext:
                privileged: false

