---
apiVersion: v1
kind: List
items:
- apiVersion: v1
  kind: Service
  metadata:
    annotations:
      jkube.eclipse.org/git-commit: "@ignore@"
      app.openshift.io/vcs-ref: "@ignore@"
      prometheus.io/path: "@ignore@"
      prometheus.io/port: "@ignore@"
      jkube.eclipse.org/git-url: "@ignore@"
      prometheus.io/scrape: "@ignore@"
      app.openshift.io/vcs-uri: "@ignore@"
      jkube.eclipse.org/git-branch: "@ignore@"
    labels:
      app: helidon
      provider: jkube
      version: "@ignore@"
      group: org.eclipse.jkube.integration.tests.gradle
    name: helidon
  spec:
    ports:
    - name: http
      port: 8080
      protocol: TCP
      targetPort: 8080
    selector:
      app: helidon
      provider: jkube
      group: org.eclipse.jkube.integration.tests.gradle
- apiVersion: apps.openshift.io/v1
  kind: DeploymentConfig
  metadata:
    annotations:
      jkube.eclipse.org/git-commit: "@ignore@"
      jkube.eclipse.org/git-url: "@ignore@"
      app.openshift.io/vcs-ref: "@ignore@"
      app.openshift.io/vcs-uri: "@ignore@"
      jkube.eclipse.org/git-branch: "@ignore@"
    labels:
      app: helidon
      provider: jkube
      version: "@ignore@"
      group: org.eclipse.jkube.integration.tests.gradle
    name: helidon
  spec:
    replicas: 1
    revisionHistoryLimit: 2
    selector:
      app: helidon
      provider: jkube
      group: org.eclipse.jkube.integration.tests.gradle
    strategy:
      rollingParams:
        timeoutSeconds: 3600
      type: Rolling
    template:
      metadata:
        annotations:
          jkube.eclipse.org/git-commit: "@ignore@"
          jkube.eclipse.org/git-url: "@ignore@"
          app.openshift.io/vcs-ref: "@ignore@"
          app.openshift.io/vcs-uri: "@ignore@"
          jkube.eclipse.org/git-branch: "@ignore@"
        labels:
          app: helidon
          provider: jkube
          version: "@ignore@"
          group: org.eclipse.jkube.integration.tests.gradle
        name: helidon
      spec:
        containers:
        - env:
          - name: KUBERNETES_NAMESPACE
            valueFrom:
              fieldRef:
                fieldPath: metadata.namespace
          image: helidon:latest
          imagePullPolicy: IfNotPresent
          livenessProbe:
            failureThreshold: 3
            httpGet:
              path: /health/live
              port: 8080
              scheme: HTTP
            initialDelaySeconds: 0
            periodSeconds: 10
            successThreshold: 1
          name: helidon
          ports:
          - containerPort: 8080
            name: http
            protocol: TCP
          - containerPort: 9779
            name: prometheus
            protocol: TCP
          - containerPort: 8778
            name: jolokia
            protocol: TCP
          readinessProbe:
            failureThreshold: 3
            httpGet:
              path: /health/ready
              port: 8080
              scheme: HTTP
            initialDelaySeconds: 0
            periodSeconds: 10
            successThreshold: 1
          securityContext:
            privileged: false
    triggers:
    - type: ConfigChange
    - imageChangeParams:
        automatic: true
        containerNames:
        - helidon
        from:
          kind: ImageStreamTag
          name: helidon:latest
      type: ImageChange
- apiVersion: route.openshift.io/v1
  kind: Route
  metadata:
    annotations:
      jkube.eclipse.org/git-commit: "@ignore@"
      jkube.eclipse.org/git-url: "@ignore@"
      app.openshift.io/vcs-ref: "@ignore@"
      app.openshift.io/vcs-uri: "@ignore@"
      jkube.eclipse.org/git-branch: "@ignore@"
    labels:
      app: helidon
      provider: jkube
      version: "@ignore@"
      group: org.eclipse.jkube.integration.tests.gradle
    name: helidon
  spec:
    port:
      targetPort: 8080
    to:
      kind: Service
      name: helidon
