---
apiVersion: v1
name: helm-zero-config
version: 0.0.1-SNAPSHOT
appVersion: 0.0.1-SNAPSHOT
