#
# Copyright (c) 2019 Red Hat, Inc.
# This program and the accompanying materials are made
# available under the terms of the Eclipse Public License 2.0
# which is available at:
#
#     https://www.eclipse.org/legal/epl-2.0/
#
# SPDX-License-Identifier: EPL-2.0
#
# Contributors:
#   Red Hat, Inc. - initial API and implementation
#

---
apiVersion: v1
kind: List
items:
- apiVersion: v1
  kind: Secret
  metadata:
    name: openshift-password
  data:
    password: MWYyZDFlMmU2N2Rm
    username: YWRtaW4=
  type: Opaque
- apiVersion: v1
  kind: Template
  metadata:
    labels:
      app: test
      provider: jkube
      version: 1337
      helm-variable: {{ required "A valid .Values.global_template_env_var entry required!" .Values.global_template_env_var | default "This is a sample" }}
      escape-test: "{{"{{"}} {{"}}"}} should be escaped to prevent helm errors"
    name: test
