---
apiVersion: v1
name: helm
version: "@ignore@"
