---
apiVersion: v1
kind: List
items:
- apiVersion: v1
  kind: Namespace
  metadata:
    labels:
      app: namespace
      provider: jkube
      version: "@ignore@"
      group: org.eclipse.jkube.integration.tests.gradle
    name: namespace-to-create-name
  status:
    phase: Active
- apiVersion: apps/v1
  kind: Deployment
  metadata:
    annotations:
      jkube.io/git-url: "@ignore@"
      jkube.io/git-commit: "@ignore@"
      jkube.io/git-branch: "@ignore@"
    labels:
      app: namespace
      provider: jkube
      version: "@ignore@"
      group: org.eclipse.jkube.integration.tests.gradle
    name: namespace
  spec:
    replicas: 1
    revisionHistoryLimit: 2
    selector:
      matchLabels:
        app: namespace
        provider: jkube
        group: org.eclipse.jkube.integration.tests.gradle
    template:
      metadata:
        annotations:
          jkube.io/git-url: "@ignore@"
          jkube.io/git-commit: "@ignore@"
          jkube.io/git-branch: "@ignore@"
        labels:
          app: namespace
          provider: jkube
          version: "@ignore@"
          group: org.eclipse.jkube.integration.tests.gradle
      spec:
        containers:
        - env:
          - name: KUBERNETES_NAMESPACE
            valueFrom:
              fieldRef:
                fieldPath: metadata.namespace
          - name: HOSTNAME
            valueFrom:
              fieldRef:
                fieldPath: metadata.name
          image: repository/namespace:latest
          imagePullPolicy: IfNotPresent
          name: repository-namespace
          securityContext:
            privileged: false
