---
replicaCount: 1
deployment:
  imagePullPolicy: "Always"
