---
apiVersion: v1
kind: List
items:
- apiVersion: v1
  kind: Service
  metadata:
    annotations:
      app.openshift.io/vcs-ref: "@ignore@"
      jkube.eclipse.org/git-url: "@ignore@"
      app.openshift.io/vcs-uri: "@ignore@"
      jkube.eclipse.org/git-commit: "@ignore@"
      jkube.eclipse.org/git-branch: "@ignore@"
    labels:
      app: route
      provider: jkube
      version: "@ignore@"
      group: org.eclipse.jkube.integration.tests.gradle
    name: route
  spec:
    ports:
    - name: http
      port: 8080
      protocol: TCP
      targetPort: 8080
    selector:
      app: route
      provider: jkube
      group: org.eclipse.jkube.integration.tests.gradle
- apiVersion: apps.openshift.io/v1
  kind: DeploymentConfig
  metadata:
    annotations:
      app.openshift.io/vcs-ref: "@ignore@"
      jkube.eclipse.org/git-url: "@ignore@"
      app.openshift.io/vcs-uri: "@ignore@"
      jkube.eclipse.org/git-commit: "@ignore@"
      jkube.eclipse.org/git-branch: "@ignore@"
    labels:
      app: route
      provider: jkube
      version: "@ignore@"
      group: org.eclipse.jkube.integration.tests.gradle
    name: route
  spec:
    replicas: 1
    revisionHistoryLimit: 2
    selector:
      app: route
      provider: jkube
      group: org.eclipse.jkube.integration.tests.gradle
    strategy:
      rollingParams:
        timeoutSeconds: 3600
      type: Rolling
    template:
      metadata:
        annotations:
          app.openshift.io/vcs-ref: "@ignore@"
          jkube.eclipse.org/git-url: "@ignore@"
          app.openshift.io/vcs-uri: "@ignore@"
          jkube.eclipse.org/git-commit: "@ignore@"
          jkube.eclipse.org/git-branch: "@ignore@"
        labels:
          app: route
          provider: jkube
          version: "@ignore@"
          group: org.eclipse.jkube.integration.tests.gradle
        name: route
      spec:
        containers:
        - env:
          - name: KUBERNETES_NAMESPACE
            valueFrom:
              fieldRef:
                fieldPath: metadata.namespace
          image: repository/route:latest
          imagePullPolicy: IfNotPresent
          name: repository-route
          ports:
          - containerPort: 8080
            name: http
            protocol: TCP
          securityContext:
            privileged: false
    triggers:
    - type: ConfigChange
    - imageChangeParams:
        automatic: true
        containerNames:
        - repository-route
        from:
          kind: ImageStreamTag
          name: route:latest
      type: ImageChange
