---
apiVersion: v1
kind: List
items:
- apiVersion: apps.openshift.io/v1
  kind: DeploymentConfig
  metadata:
    annotations:
      app.openshift.io/vcs-ref: "@ignore@"
      jkube.eclipse.org/git-url: "@ignore@"
      app.openshift.io/vcs-uri: "@ignore@"
      jkube.eclipse.org/git-commit: "@ignore@"
      jkube.eclipse.org/git-branch: "@ignore@"
    labels:
      app: imagechangetrigger
      provider: jkube
      version: "@ignore@"
      group: org.eclipse.jkube.integration.tests.gradle
    name: imagechangetrigger
  spec:
    replicas: 1
    revisionHistoryLimit: 2
    selector:
      app: imagechangetrigger
      provider: jkube
      group: org.eclipse.jkube.integration.tests.gradle
    strategy:
      rollingParams:
        timeoutSeconds: 3600
      type: Rolling
    template:
      metadata:
        annotations:
          app.openshift.io/vcs-ref: "@ignore@"
          jkube.eclipse.org/git-url: "@ignore@"
          app.openshift.io/vcs-uri: "@ignore@"
          jkube.eclipse.org/git-commit: "@ignore@"
          jkube.eclipse.org/git-branch: "@ignore@"
        labels:
          app: imagechangetrigger
          provider: jkube
          version: "@ignore@"
          group: org.eclipse.jkube.integration.tests.gradle
        name: imagechangetrigger
      spec:
        containers:
        - env:
          - name: KUBERNETES_NAMESPACE
            valueFrom:
              fieldRef:
                fieldPath: metadata.namespace
          image: repository/imagechangetrigger:latest
          imagePullPolicy: IfNotPresent
          name: repository-imagechangetrigger
          securityContext:
            privileged: false
    triggers:
    - type: ConfigChange
