---
apiVersion: v1
kind: List
items:
- apiVersion: apps/v1
  kind: Deployment
  metadata:
    annotations:
      jkube.io/git-url: "@ignore@"
      jkube.io/git-commit: "@ignore@"
      jkube.io/git-branch: "@ignore@"
    labels:
      app: expose
      provider: jkube
      version: "@ignore@"
      group: org.eclipse.jkube.integration.tests.gradle
    name: expose
  spec:
    replicas: 1
    revisionHistoryLimit: 2
    selector:
      matchLabels:
        app: expose
        provider: jkube
        group: org.eclipse.jkube.integration.tests.gradle
    template:
      metadata:
        annotations:
          jkube.io/git-url: "@ignore@"
          jkube.io/git-commit: "@ignore@"
          jkube.io/git-branch: "@ignore@"
        labels:
          app: expose
          provider: jkube
          version: "@ignore@"
          group: org.eclipse.jkube.integration.tests.gradle
        name: expose
      spec:
        containers:
        - env:
          - name: KUBERNETES_NAMESPACE
            valueFrom:
              fieldRef:
                fieldPath: metadata.namespace
          - name: HOSTNAME
            valueFrom:
              fieldRef:
                fieldPath: metadata.name
          image: repository/expose:latest
          imagePullPolicy: IfNotPresent
          name: repository-expose
          securityContext:
            privileged: false
