#
# Copyright (c) 2019 Red Hat, Inc.
# This program and the accompanying materials are made
# available under the terms of the Eclipse Public License 2.0
# which is available at:
#
#     https://www.eclipse.org/legal/epl-2.0/
#
# SPDX-License-Identifier: EPL-2.0
#
# Contributors:
#   Red Hat, Inc. - initial API and implementation
#

apiVersion: v1
kind: List
items:
- apiVersion: v1
  kind: Service
- apiVersion: v1
  kind: PersistentVolumeClaim
  spec:
    accessModes:
    - ReadWriteOnce
    resources:
      requests:
        storage: 5Gi