#
# Copyright (c) 2019 Red Hat, Inc.
# This program and the accompanying materials are made
# available under the terms of the Eclipse Public License 2.0
# which is available at:
#
#     https://www.eclipse.org/legal/epl-2.0/
#
# SPDX-License-Identifier: EPL-2.0
#
# Contributors:
#   Red Hat, Inc. - initial API and implementation
#

---
i_should_be_quoted: I'm a quoted uppercase value
deployment:
  limits:
    memory: 512Mi
  requests:
    memory: 256Mi
a_value_with_a_default: The default
